{
  "diagnostics": [],
  "domain": "model",
  "parse_status": "parsed",
  "references": [
    {
      "certainty": "exact-schema-reference",
      "conditions": [],
      "is_tag": false,
      "namespace": "minecraft",
      "relation": "parent-model",
      "required": true,
      "target": "minecraft:item/generated"
    },
    {
      "certainty": "exact-schema-reference",
      "conditions": [],
      "is_tag": false,
      "namespace": "create",
      "relation": "uses-texture",
      "required": true,
      "target": "create:item/wrench"
    }
  ],
  "resource_path": "assets/create/models/item/wrench.json",
  "summary": {
    "kind": "model",
    "parent": "minecraft:item/generated",
    "textures": {
      "layer0": "create:item/wrench"
    }
  }
}